


ARM Macro Assembler    Page 1 


    1 00000000                 AREA             Shift64, CODE, READONLY
    2 00000000                 IMPORT           main
    3 00000000                 EXPORT           start
    4 00000000         
    5 00000000         start
    6 00000000 E59F006C        LDR              R0, =0x13131313
    7 00000004 E59F1068        LDR              R1, =0x13131313
    8 00000008 E3A02008        LDR              R2, =8      ; number to shift b
                                                            y
    9 0000000C E3A03000        LDR              R3, =0      ; mask for carry bi
                                                            t
   10 00000010         
   11 00000010 E3520000        CMP              R2, #0      ;    if(count<0)
   12 00000014 BA000011        BLT              negativeCounter ;  go to negati
                                                            ve counter
   13 00000018         
   14 00000018         positiveCount
   15 00000018 E3520000        CMP              R2, #0      ;     if(count = 0)
                                                            
   16 0000001C DA000013        BLE              endwh       ;      stop shiftin
                                                            g
   17 00000020 E1A000A0        MOV              R0, R0, LSR #1 ;   shift least 
                                                            sig half right by 1
                                                            
   18 00000024 E2013001        AND              R3, R1, #0x00000001 ;    get th
                                                            e last bit of most 
                                                            sig half
   19 00000028 E1A03F83        MOV              R3, R3, LSL #31 ;        rearra
                                                            nge this mask to be
                                                             in the right posit
                                                            ion to be added on
   20 0000002C E1A010A1        MOV              R1, R1, LSR #1 ;         shift 
                                                            most sig half right
                                                             by 1
   21 00000030 E1800003        ORR              R0, R0, R3  ;    add on "carry"
                                                             bit
   22 00000034 E2422001        SUB              R2, R2, #1  ;    counter--
   23 00000038 EAFFFFF6        B                positiveCount
   24 0000003C         
   25 0000003C         negativeCount
   26 0000003C E3520000        CMP              R2, #0      ;     if(count = 0)
                                                            
   27 00000040 DA00000A        BLE              endwh       ;      stop shiftin
                                                            g
   28 00000044 E1A01081        MOV              R1, R1, LSL #1 ;   shift most s
                                                            ig half left by one
                                                            
   29 00000048 E200320E        AND              R3, R0, #0xE0000000 ; get the f
                                                            irst bit of least s
                                                            ig half
   30 0000004C E1A03FA3        MOV              R3, R3, LSR #31 ;  rearrange th
                                                            is mask to be in th
                                                            e right position to
                                                             be added on
   31 00000050 E1A00080        MOV              R0, R0, LSL #1 ;   shift least 
                                                            sig half left by 1 
                                                             
   32 00000054 E1811003        ORR              R1, R1, R3  ;    add on "carry"
                                                             bit



ARM Macro Assembler    Page 2 


   33 00000058 E2422001        SUB              R2, R2, #1  ;    counter--
   34 0000005C EAFFFFF6        B                negativeCount
   35 00000060         
   36 00000060         negativeCounter
   37 00000060 E2422001        SUB              R2, R2, #0x00000001 
                                                            ; counter - 1 bit
   38 00000064 E3E04000        LDR              R4, =0xFFFFFFFF ;  invert mask
   39 00000068 E0222004        EOR              R2, R2, R4  ;    invert bits
   40 0000006C EAFFFFF2        B                negativeCount
   41 00000070         
   42 00000070         endwh
   43 00000070         
   44 00000070 EAFFFFFE 
                       stop    B                stop
   45 00000074         
   46 00000074         
   47 00000074                 END
              13131313 
Command Line: --debug --xref --diag_suppress=9931 --apcs=interwork --depend=.\s
hift64.d -o.\shift64.o -IC:\Keil_v5\ARM\RV31\INC -IC:\Keil_v5\ARM\CMSIS\Include
 -IC:\Keil_v5\ARM\INC\Philips --predefine="__EVAL SETA 1" --predefine="__MICROL
IB SETA 1" --predefine="__UVISION_VERSION SETA 524" --predefine="NO_CLOCK_SETUP
 SETA 1" --predefine="NO_EMC_SETUP SETA 1" --predefine="RAM_INTVEC SETA 1" --pr
edefine="RAM_MODE SETA 1" --predefine="REMAP SETA 1" --list=.\shift64.lst Shift
64.s



ARM Macro Assembler    Page 1 Alphabetic symbol ordering
Relocatable symbols

Shift64 00000000

Symbol: Shift64
   Definitions
      At line 1 in file Shift64.s
   Uses
      None
Comment: Shift64 unused
endwh 00000070

Symbol: endwh
   Definitions
      At line 42 in file Shift64.s
   Uses
      At line 16 in file Shift64.s
      At line 27 in file Shift64.s

negativeCount 0000003C

Symbol: negativeCount
   Definitions
      At line 25 in file Shift64.s
   Uses
      At line 34 in file Shift64.s
      At line 40 in file Shift64.s

negativeCounter 00000060

Symbol: negativeCounter
   Definitions
      At line 36 in file Shift64.s
   Uses
      At line 12 in file Shift64.s
Comment: negativeCounter used once
positiveCount 00000018

Symbol: positiveCount
   Definitions
      At line 14 in file Shift64.s
   Uses
      At line 23 in file Shift64.s
Comment: positiveCount used once
start 00000000

Symbol: start
   Definitions
      At line 5 in file Shift64.s
   Uses
      At line 3 in file Shift64.s
Comment: start used once
stop 00000070

Symbol: stop
   Definitions
      At line 44 in file Shift64.s
   Uses
      At line 44 in file Shift64.s
Comment: stop used once
7 symbols



ARM Macro Assembler    Page 1 Alphabetic symbol ordering
External symbols

main 00000000

Symbol: main
   Definitions
      At line 2 in file Shift64.s
   Uses
      None
Comment: main unused
1 symbol
348 symbols in table
